// Jest Snapshot v1, https://goo.gl/fbAQLP

exports[`Support disable import conversion 1`] = `
"
import { test } from 'test';
console.log('test');"
`;

exports[`default dont transform transform async await 1`] = `
"\\"use strict\\";

async function test() {
  var a = await test2();
}"
`;

exports[`transform if Async await enabled 1`] = `
"\\"use strict\\";

var _regenerator = require(\\"babel-runtime/regenerator\\");

var _regenerator2 = _interopRequireDefault(_regenerator);

var _asyncToGenerator2 = require(\\"babel-runtime/helpers/asyncToGenerator\\");

var _asyncToGenerator3 = _interopRequireDefault(_asyncToGenerator2);

var test = function () {
  var _ref = (0, _asyncToGenerator3.default)(_regenerator2.default.mark(function _callee() {
    var a;
    return _regenerator2.default.wrap(function _callee$(_context) {
      while (1) {
        switch (_context.prev = _context.next) {
          case 0:
            _context.next = 2;
            return test2();

          case 2:
            a = _context.sent;

          case 3:
          case \\"end\\":
            return _context.stop();
        }
      }
    }, _callee, this);
  }));

  return function test() {
    return _ref.apply(this, arguments);
  };
}();

function _interopRequireDefault(obj) { return obj && obj.__esModule ? obj : { default: obj }; }"
`;
